2026-02-04 00:22:57 📱 디바이스 연결됨: emulator-5560
2026-02-04 00:22:57 스크린샷 촬영
2026-02-04 00:22:58 OCR 원문: ㆍ 야               소
몬스터              몬스터 동굴
+ + +                     제
/  6 은

2026-02-04 00:22:58 키워드 없음 → 매크로 실행
2026-02-04 00:23:04 15초 대기
2026-02-04 00:23:19 스크린샷 촬영
2026-02-04 00:23:20 OCR 원문: |                             \/                                                      4 『                      \                           개
고 대제 단                                         "               도  스티브 것 지           「
오속서

2026-02-04 00:23:20 키워드 없음 → 매크로 실행
2026-02-04 00:23:26 15초 대기
2026-02-04 00:23:41 스크린샷 촬영
2026-02-04 00:23:42 OCR 원문: ~                    2『
몬스터 본거지는 [                           몬스터 동굴
+＊ㆍ+*얼           애스

벼       는 3     "00

2026-02-04 00:23:42 키워드 없음 → 매크로 실행
2026-02-04 00:23:48 15초 대기
2026-02-04 00:24:03 스크린샷 촬영
2026-02-04 00:24:04 OCR 원문: 4                      ~
몬스터 본거지                            몬스터 동굴
+++                 개     )  +,

2026-02-04 00:24:04 키워드 없음 → 매크로 실행
2026-02-04 00:24:10 15초 대기
2026-02-04 00:24:25 스크린샷 촬영
2026-02-04 00:24:26 OCR 원문: ~
2『
'                   스터 본거지 「
                    ~
                 일
~         |    0 세   ~

2026-02-04 00:24:26 키워드 없음 → 매크로 실행
2026-02-04 00:24:32 15초 대기
2026-02-04 00:24:47 스크린샷 촬영
2026-02-04 00:24:48 OCR 원문: 고 000   ~ 」

2026-02-04 00:24:48 키워드 없음 → 매크로 실행
2026-02-04 00:24:54 15초 대기
2026-02-04 00:25:09 스크린샷 촬영
2026-02-04 00:25:10 OCR 원문: 2050                      고        |

2026-02-04 00:25:10 키워드 없음 → 매크로 실행
2026-02-04 00:25:16 15초 대기
2026-02-04 00:25:28 매크로 종료
2026-02-04 00:30:45 📱 디바이스 연결됨: emulator-5560
2026-02-04 00:30:45 스크린샷 촬영
2026-02-04 00:30:46 OCR 원문: 느 해                 2『       .
몬스터 본거지                 )별 스터 동굴
2 + +     (기  ~    + +
~. -      세포   「 、 42

2026-02-04 00:30:46 키워드 없음 → 매크로 실행
2026-02-04 00:30:53 20초 대기
2026-02-04 00:30:58 매크로 종료
2026-02-04 00:31:08 📱 디바이스 연결됨: emulator-5560
2026-02-04 00:31:08 스크린샷 촬영
2026-02-04 00:31:09 OCR 원문: ~                        4          ~
몬스터 본거지                          》 고대.제단
~.    `       ~     세고 수

2026-02-04 00:31:09 키워드 없음 → 매크로 실행
2026-02-04 00:31:16 15초 대기
2026-02-04 00:31:31 스크린샷 촬영
2026-02-04 00:31:31 OCR 원문: 기                    20        별
몬스터 동굴                               겨 본거지
+ +          |  ~" +       [

2026-02-04 00:31:31 키워드 없음 → 매크로 실행
2026-02-04 00:31:38 15초 대기
2026-02-04 00:31:53 스크린샷 촬영
2026-02-04 00:31:53 OCR 원문: 
2026-02-04 00:31:53 키워드 없음 → 매크로 실행
2026-02-04 00:32:00 15초 대기
2026-02-04 00:32:15 스크린샷 촬영
2026-02-04 00:32:15 OCR 원문: _ 2 것   개
몬스터. 0  )       몬스터 본거지
=

<. ,/ 7 、

2026-02-04 00:32:15 키워드 없음 → 매크로 실행
2026-02-04 00:32:22 15초 대기
2026-02-04 00:32:37 스크린샷 촬영
2026-02-04 00:32:38 OCR 원문: '          2『
몬스터 동굴,
몬스터 본거지             몬스티:
+ 4 수            | 송오   「
“                  1”:
[^    기 ~~소서

2026-02-04 00:32:38 키워드 없음 → 매크로 실행
2026-02-04 00:32:44 15초 대기
2026-02-04 00:32:59 스크린샷 촬영
2026-02-04 00:33:00 OCR 원문: | 기 0 배

2026-02-04 00:33:00 키워드 없음 → 매크로 실행
2026-02-04 00:33:07 15초 대기
2026-02-04 00:33:22 스크린샷 촬영
2026-02-04 00:33:22 OCR 원문: 
2026-02-04 00:33:22 키워드 없음 → 매크로 실행
2026-02-04 00:33:29 15초 대기
2026-02-04 00:33:44 스크린샷 촬영
2026-02-04 00:33:44 OCR 원문: 별              | [2000
몬스터 본거지           ~        폴드

2026-02-04 00:33:44 키워드 없음 → 매크로 실행
2026-02-04 00:33:51 15초 대기
2026-02-04 00:34:06 스크린샷 촬영
2026-02-04 00:34:06 OCR 원문: ~         [4       느
개               ㅠ
고 가     ) 몬스터본거지 ~

2026-02-04 00:34:06 키워드 없음 → 매크로 실행
2026-02-04 00:34:13 15초 대기
2026-02-04 00:34:28 스크린샷 촬영
2026-02-04 00:34:28 OCR 원문: 4                                                      20                     \/
몬스터 본거지                         훈도     [
~ ,              ;             ~                 려

2026-02-04 00:34:28 키워드 없음 → 매크로 실행
2026-02-04 00:34:35 15초 대기
2026-02-04 00:34:50 스크린샷 촬영
2026-02-04 00:34:50 OCR 원문: 
2026-02-04 00:34:50 키워드 없음 → 매크로 실행
2026-02-04 00:34:57 15초 대기
2026-02-04 00:35:12 스크린샷 촬영
2026-02-04 00:35:12 OCR 원문:                   2       ~
몬스터 본거지                   29065
4 4 +                   1,    6,
< ~.         느 두씨

2026-02-04 00:35:12 키워드 없음 → 매크로 실행
2026-02-04 00:35:19 15초 대기
2026-02-04 00:35:34 스크린샷 촬영
2026-02-04 00:35:35 OCR 원문: _ 를 ㅣ > 7
몬스터 동굴,            <           @몬스터 본거지
이  요.   4  해 )  ++ +

2026-02-04 00:35:35 키워드 없음 → 매크로 실행
2026-02-04 00:35:41 15초 대기
2026-02-04 00:35:56 스크린샷 촬영
2026-02-04 00:35:57 OCR 원문: 버      2『    병
몬스터 본거지    》 몬스터 동굴,

2026-02-04 00:35:57 키워드 없음 → 매크로 실행
2026-02-04 00:36:03 15초 대기
2026-02-04 00:36:18 스크린샷 촬영
2026-02-04 00:36:19 OCR 원문: 힐        열    ^        끄  모스터 본거지

2026-02-04 00:36:19 키워드 없음 → 매크로 실행
2026-02-04 00:36:25 15초 대기
2026-02-04 00:36:40 스크린샷 촬영
2026-02-04 00:36:41 OCR 원문: =*=때              2『          ㅣ       :
몬스터 동굴                               몬스터 본거지        '
+ ~             송내      -“ + *

2026-02-04 00:36:41 키워드 없음 → 매크로 실행
2026-02-04 00:36:47 15초 대기
2026-02-04 00:37:02 스크린샷 촬영
2026-02-04 00:37:03 OCR 원문: 넬                    4        4
몬스터 본거지                        몬스터 동군
+ + +                          6,
늘 개     0

2026-02-04 00:37:03 키워드 없음 → 매크로 실행
2026-02-04 00:37:09 15초 대기
2026-02-04 00:37:24 스크린샷 촬영
2026-02-04 00:37:25 OCR 원문: 1 」                [4             너
몬스터 동굴                       몬스터 본거지
+ +                          + 4 수

2026-02-04 00:37:25 키워드 없음 → 매크로 실행
2026-02-04 00:37:31 15초 대기
2026-02-04 00:37:46 스크린샷 촬영
2026-02-04 00:37:47 OCR 원문: 니      44
몬스터 본거지      1
4 + +       이   해

2026-02-04 00:37:47 키워드 없음 → 매크로 실행
2026-02-04 00:37:53 15초 대기
2026-02-04 00:38:08 스크린샷 촬영
2026-02-04 00:38:09 OCR 원문: 「     2『    5
몬스터 본거지   》 몬스터 동글 별

2026-02-04 00:38:09 키워드 없음 → 매크로 실행
2026-02-04 00:38:15 15초 대기
2026-02-04 00:38:31 스크린샷 촬영
2026-02-04 00:38:31 OCR 원문: 2  으리 0 지

2026-02-04 00:38:31 키워드 없음 → 매크로 실행
2026-02-04 00:38:38 15초 대기
2026-02-04 00:38:53 스크린샷 촬영
2026-02-04 00:38:53 OCR 원문: 지
| |오째서머
발스

2026-02-04 00:38:53 키워드 없음 → 매크로 실행
2026-02-04 00:39:00 15초 대기
2026-02-04 00:39:15 스크린샷 촬영
2026-02-04 00:39:15 OCR 원문: 니               2『           =
+       노                소노네     “

2026-02-04 00:39:15 키워드 없음 → 매크로 실행
2026-02-04 00:39:22 15초 대기
2026-02-04 00:39:37 스크린샷 촬영
2026-02-04 00:39:37 OCR 원문: 
2026-02-04 00:39:37 키워드 없음 → 매크로 실행
2026-02-04 00:39:44 15초 대기
2026-02-04 00:39:59 스크린샷 촬영
2026-02-04 00:39:59 OCR 원문: | 1 때       | ^
 195   [1     20
^"              ~ 2
~ 소구" . ~

2026-02-04 00:39:59 키워드 없음 → 매크로 실행
2026-02-04 00:40:06 15초 대기
2026-02-04 00:40:21 스크린샷 촬영
2026-02-04 00:40:21 OCR 원문: ~               2『           버
몬스터 본거지                              몬스터 동굴
+ 널                0      즈제

2026-02-04 00:40:21 키워드 없음 → 매크로 실행
2026-02-04 00:40:28 15초 대기
2026-02-04 00:40:43 스크린샷 촬영
2026-02-04 00:40:44 OCR 원문: 0                00 고
15 수이    " 올가 스터 농군개  |
~             는 것    2

2026-02-04 00:40:44 키워드 없음 → 매크로 실행
2026-02-04 00:40:50 15초 대기
2026-02-04 00:41:05 스크린샷 촬영
2026-02-04 00:41:06 OCR 원문: '@"                       102           0
본. 스터 본거 지                                       를               ) 그

2026-02-04 00:41:06 키워드 없음 → 매크로 실행
2026-02-04 00:41:12 15초 대기
2026-02-04 00:41:27 스크린샷 촬영
2026-02-04 00:41:28 OCR 원문: ~         2『       |
고대 제단                  몬스터 동굴.
+                 4 +
,     ~   <,

2026-02-04 00:41:28 키워드 없음 → 매크로 실행
2026-02-04 00:41:34 15초 대기
2026-02-04 00:41:49 스크린샷 촬영
2026-02-04 00:41:50 OCR 원문: | |  \             27『         \

그대 제단                   몬스터 본거재
|  +                      + + + _
~ 주 시 "0 ~

2026-02-04 00:41:50 🎯 키워드 발견: ['주']
2026-02-04 00:41:50 매크로 종료
2026-02-04 00:42:05 📱 디바이스 연결됨: emulator-5560
2026-02-04 00:42:05 스크린샷 촬영
2026-02-04 00:42:05 OCR 원문: | 1              27『           /
고대 제단                   몬스터 본거지
고                         + +
~ ㅋ      / 그 해

2026-02-04 00:42:05 키워드 없음 → 매크로 실행
2026-02-04 00:42:12 15초 대기
2026-02-04 00:42:27 스크린샷 촬영
2026-02-04 00:42:27 OCR 원문: =. 고적

2026-02-04 00:42:27 키워드 없음 → 매크로 실행
2026-02-04 00:42:34 15초 대기
2026-02-04 00:42:49 스크린샷 촬영
2026-02-04 00:42:50 OCR 원문: : _ 10002              ~
고대 제단                        몬스터 본거지
+                               + +.

2026-02-04 00:42:50 키워드 없음 → 매크로 실행
2026-02-04 00:42:56 15초 대기
2026-02-04 00:43:11 스크린샷 촬영
2026-02-04 00:43:12 OCR 원문: 0                 20       ㄴㄴ
몬스터 본거지             2 5글
아오이 「          나   +
7 4<   .청 「 ~

2026-02-04 00:43:12 키워드 없음 → 매크로 실행
2026-02-04 00:43:18 15초 대기
2026-02-04 00:43:33 스크린샷 촬영
2026-02-04 00:43:34 OCR 원문: ~                [4            ~
몬스터 본거지                              몬스터 동굴
++                    0      +ㆍ+

2026-02-04 00:43:34 키워드 없음 → 매크로 실행
2026-02-04 00:43:40 15초 대기
2026-02-04 00:43:55 스크린샷 촬영
2026-02-04 00:43:56 OCR 원문: ” 2『      : "
   08

2026-02-04 00:43:56 키워드 없음 → 매크로 실행
2026-02-04 00:44:02 15초 대기
2026-02-04 00:44:17 스크린샷 촬영
2026-02-04 00:44:18 OCR 원문: 9
몬시
몬스터 보
:터 본거지
2『
:
문스
「   는 님
-   (구이   스
6 ^ 재

2026-02-04 00:44:18 키워드 없음 → 매크로 실행
2026-02-04 00:44:24 15초 대기
2026-02-04 00:44:39 스크린샷 촬영
2026-02-04 00:44:40 OCR 원문: 
2026-02-04 00:44:40 키워드 없음 → 매크로 실행
2026-02-04 00:44:46 15초 대기
2026-02-04 00:45:01 스크린샷 촬영
2026-02-04 00:45:02 OCR 원문: 기                  043
몬스터 동굴                  196
+ 6,                      > 724 + 2

2026-02-04 00:45:02 키워드 없음 → 매크로 실행
2026-02-04 00:45:08 15초 대기
2026-02-04 00:45:23 스크린샷 촬영
2026-02-04 00:45:24 OCR 원문: 으으

2026-02-04 00:45:24 키워드 없음 → 매크로 실행
2026-02-04 00:45:30 15초 대기
2026-02-04 00:45:45 스크린샷 촬영
2026-02-04 00:45:46 OCR 원문: ?                           4           ?  '
몬스터 관경 지                 ;       '              10쓰 글
+ +                    1-

2026-02-04 00:45:46 키워드 없음 → 매크로 실행
2026-02-04 00:45:52 15초 대기
2026-02-04 00:46:07 스크린샷 촬영
2026-02-04 00:46:08 OCR 원문: 내        2『   너    '
몬스터 동굴.        )글20
뜨 6

2026-02-04 00:46:08 키워드 없음 → 매크로 실행
2026-02-04 00:46:14 15초 대기
2026-02-04 00:46:29 스크린샷 촬영
2026-02-04 00:46:30 OCR 원문: 너
온스테:본
+ [본것 졌             일
니
몬스
몬스터 동
^         뜨
，《   에          기    22

2026-02-04 00:46:30 키워드 없음 → 매크로 실행
2026-02-04 00:46:37 15초 대기
2026-02-04 00:46:52 스크린샷 촬영
2026-02-04 00:46:52 OCR 원문: |     1 0 겨 시) 에버
몬스터 동 그         -》ㄷ      스터 본거지
4 62

2026-02-04 00:46:52 키워드 없음 → 매크로 실행
2026-02-04 00:46:59 15초 대기
2026-02-04 00:47:14 스크린샷 촬영
2026-02-04 00:47:14 OCR 원문: 『 ㄱ
오가               몬스터 동굴
^ 04 =-

2026-02-04 00:47:14 키워드 없음 → 매크로 실행
2026-02-04 00:47:21 15초 대기
2026-02-04 00:47:36 스크린샷 촬영
2026-02-04 00:47:37 OCR 원문: ^ <        4      궁시
몬스터 본거지               몬스터 동굴
+ + +     0  ~  + +. 려
1    ~       1 토0   ~

2026-02-04 00:47:37 키워드 없음 → 매크로 실행
2026-02-04 00:47:43 15초 대기
2026-02-04 00:47:58 스크린샷 촬영
2026-02-04 00:47:59 OCR 원문: 비    배       004  _레

2026-02-04 00:47:59 키워드 없음 → 매크로 실행
2026-02-04 00:48:05 15초 대기
2026-02-04 00:48:20 스크린샷 촬영
2026-02-04 00:48:21 OCR 원문: …                      20         늘
몬스터 동굴                        된 보물상자,
+ +                              + + +

2026-02-04 00:48:21 🎯 키워드 발견: ['물', '상', '자', '보물', '상자']
2026-02-04 00:48:21 매크로 종료
2026-02-04 00:51:56 📱 디바이스 연결됨: emulator-5560
2026-02-04 00:51:56 스크린샷 촬영
2026-02-04 00:51:57 OCR 원문: 
2026-02-04 00:51:57 키워드 없음 → 매크로 실행
2026-02-04 00:52:03 15초 대기
2026-02-04 00:52:18 스크린샷 촬영
2026-02-04 00:52:19 OCR 원문: ㆍ     0404
==열뿐스스

2026-02-04 00:52:19 키워드 없음 → 매크로 실행
2026-02-04 00:52:25 15초 대기
2026-02-04 00:52:40 스크린샷 촬영
2026-02-04 00:52:41 OCR 원문: - =

2026-02-04 00:52:41 키워드 없음 → 매크로 실행
2026-02-04 00:52:47 15초 대기
2026-02-04 00:53:02 스크린샷 촬영
2026-02-04 00:53:03 OCR 원문: \                                            4 『                                \/
몬스터 동 굴.                                       )     은스터 본거 지

2026-02-04 00:53:03 키워드 없음 → 매크로 실행
2026-02-04 00:53:09 15초 대기
2026-02-04 00:53:24 스크린샷 촬영
2026-02-04 00:53:25 OCR 원문: |      변1" 1 드르느^ 77428 보 1
몬스터 본거재                      몬스터 동굴
수 +                         +.
~            ~
( ,     0. _        핵

2026-02-04 00:53:25 키워드 없음 → 매크로 실행
2026-02-04 00:53:31 15초 대기
2026-02-04 00:53:46 스크린샷 촬영
2026-02-04 00:53:47 OCR 원문: 4 06 2기 [고37) 무픈 무적  느
그로

2026-02-04 00:53:47 키워드 없음 → 매크로 실행
2026-02-04 00:53:53 15초 대기
2026-02-04 00:54:08 스크린샷 촬영
2026-02-04 00:54:09 OCR 원문: 4                               4            \/     :
몬스터 동굴                             10 거지

2026-02-04 00:54:09 키워드 없음 → 매크로 실행
2026-02-04 00:54:15 15초 대기
2026-02-04 00:54:30 스크린샷 촬영
2026-02-04 00:54:31 OCR 원문: !                  2『
련                           몬스터 동굴
몬스터 본거지                         더
글 +                  에,
~         |     ^

2026-02-04 00:54:31 키워드 없음 → 매크로 실행
2026-02-04 00:54:38 15초 대기
2026-02-04 00:54:53 스크린샷 촬영
2026-02-04 00:54:53 OCR 원문: \
년                  2『
동굴                 근더브가해
몬스터 동굴              ~
“~   = 6    ~ ,    ~

2026-02-04 00:54:53 키워드 없음 → 매크로 실행
2026-02-04 00:55:00 15초 대기
2026-02-04 00:55:15 스크린샷 촬영
2026-02-04 00:55:15 OCR 원문: 그라나 @"'_ 속  ~레 6   |
때 ~ =

2026-02-04 00:55:15 키워드 없음 → 매크로 실행
2026-02-04 00:55:22 15초 대기
2026-02-04 00:55:37 스크린샷 촬영
2026-02-04 00:55:38 OCR 원문: 느                    4         는
몬스터 본거지                   8
^                   (구이               @
「 에   제     ” , ㅣ

2026-02-04 00:55:38 키워드 없음 → 매크로 실행
2026-02-04 00:55:44 15초 대기
2026-02-04 00:55:59 스크린샷 촬영
2026-02-04 00:56:00 OCR 원문: ~
0070) 2 |

2026-02-04 00:56:00 키워드 없음 → 매크로 실행
2026-02-04 00:56:06 15초 대기
2026-02-04 00:56:21 스크린샷 촬영
2026-02-04 00:56:22 OCR 원문: 이 우해은,    - 고

2026-02-04 00:56:22 키워드 없음 → 매크로 실행
2026-02-04 00:56:28 15초 대기
2026-02-04 00:56:43 스크린샷 촬영
2026-02-04 00:56:44 OCR 원문: 
2026-02-04 00:56:44 키워드 없음 → 매크로 실행
2026-02-04 00:56:50 15초 대기
2026-02-04 00:57:05 스크린샷 촬영
2026-02-04 00:57:06 OCR 원문: 업주
을      "   022 동굴,
로    른/       ~   + +

2026-02-04 00:57:06 🎯 키워드 발견: ['주']
2026-02-04 00:57:06 매크로 종료
2026-02-04 00:57:11 📱 디바이스 연결됨: emulator-5560
2026-02-04 00:57:11 스크린샷 촬영
2026-02-04 00:57:12 OCR 원문: 
2026-02-04 00:57:12 키워드 없음 → 매크로 실행
2026-02-04 00:57:18 15초 대기
2026-02-04 00:57:33 스크린샷 촬영
2026-02-04 00:57:34 OCR 원문: 밸                [4            느
몬스터 본거지                    | 고대제단
+ + +                      /       +

2026-02-04 00:57:34 키워드 없음 → 매크로 실행
2026-02-04 00:57:40 15초 대기
2026-02-04 00:57:55 스크린샷 촬영
2026-02-04 00:57:56 OCR 원문: = 위
문스터동       나         바스터 본거지

2026-02-04 00:57:56 키워드 없음 → 매크로 실행
2026-02-04 00:58:02 15초 대기
2026-02-04 00:58:17 스크린샷 촬영
2026-02-04 00:58:18 OCR 원문: \
몬스터
:터 본거지               ~
：          벼  (온스터[동글,  「 0
『    ' 개           기 태     0 290 /

2026-02-04 00:58:18 키워드 없음 → 매크로 실행
2026-02-04 00:58:25 15초 대기
2026-02-04 00:58:40 스크린샷 촬영
2026-02-04 00:58:40 OCR 원문: ”                         4          1{
몬 스 1 동 글,          ：                호 》 스 1 본거 에
개     +. 에 - &ㅋ노 - 9~ 4

2026-02-04 00:58:40 키워드 없음 → 매크로 실행
2026-02-04 00:58:47 15초 대기
2026-02-04 00:59:02 스크린샷 촬영
2026-02-04 00:59:02 OCR 원문: 2           1 1”
몬스터 폰                                 몬스터 동굴
0 + + +  호 /             + +.

2026-02-04 00:59:02 키워드 없음 → 매크로 실행
2026-02-04 00:59:09 15초 대기
2026-02-04 00:59:24 스크린샷 촬영
2026-02-04 00:59:24 OCR 원문: 너                      [4         "
몬스터 동굴                              스터 본거지
+      1     해구 시
， "  \  "       ~     2  . 개

2026-02-04 00:59:24 키워드 없음 → 매크로 실행
2026-02-04 00:59:31 15초 대기
2026-02-04 00:59:46 스크린샷 촬영
2026-02-04 00:59:47 OCR 원문: 4                4      \
몬스터 동굴
몬스터 본거지              스터:
~   스즈
"    0   ~

2026-02-04 00:59:47 키워드 없음 → 매크로 실행
2026-02-04 00:59:53 15초 대기
2026-02-04 01:00:08 스크린샷 촬영
2026-02-04 01:00:09 OCR 원문: - . ., 줄기 【일반] 유령 어깨 보호구 고가
수 +         별                 ++ +

2026-02-04 01:00:09 키워드 없음 → 매크로 실행
2026-02-04 01:00:15 15초 대기
2026-02-04 01:00:30 스크린샷 촬영
2026-02-04 01:00:31 OCR 원문: 
2026-02-04 01:00:31 키워드 없음 → 매크로 실행
2026-02-04 01:00:37 15초 대기
2026-02-04 01:00:52 스크린샷 촬영
2026-02-04 01:00:53 OCR 원문:            ?                         [4                  』
몬스터 동굴               ：        )    몬스터 본거지
22
두 겨      7 / ^

2026-02-04 01:00:53 키워드 없음 → 매크로 실행
2026-02-04 01:00:59 15초 대기
2026-02-04 01:01:14 스크린샷 촬영
2026-02-04 01:01:15 OCR 원문: 니             4     너
몬스터 동굴                             2스터 본거지

2026-02-04 01:01:15 키워드 없음 → 매크로 실행
2026-02-04 01:01:21 15초 대기
2026-02-04 01:01:36 스크린샷 촬영
2026-02-04 01:01:37 OCR 원문: 년            27『        니
갤        ~       ~, 너그 개개       …

2026-02-04 01:01:37 키워드 없음 → 매크로 실행
2026-02-04 01:01:43 15초 대기
2026-02-04 01:01:58 스크린샷 촬영
2026-02-04 01:01:59 OCR 원문: =) 022 =
20      ' 내버
. 2 60 7

2026-02-04 01:01:59 키워드 없음 → 매크로 실행
2026-02-04 01:02:05 15초 대기
2026-02-04 01:02:20 스크린샷 촬영
2026-02-04 01:02:21 OCR 원문: ~    2  패
|   !     02
는 6 ~ , 세

2026-02-04 01:02:21 키워드 없음 → 매크로 실행
2026-02-04 01:02:27 15초 대기
2026-02-04 01:02:42 스크린샷 촬영
2026-02-04 01:02:43 OCR 원문: 몬스터 본거지          2909   '
++ +       탕~  ”

2026-02-04 01:02:43 키워드 없음 → 매크로 실행
2026-02-04 01:02:49 15초 대기
2026-02-04 01:03:04 스크린샷 촬영
2026-02-04 01:03:05 OCR 원문: 8                206
몬스터 본거지                        몬스터 동굴
+ + +                          수
…        내” 】、

2026-02-04 01:03:05 키워드 없음 → 매크로 실행
2026-02-04 01:03:12 15초 대기
2026-02-04 01:03:21 매크로 종료
